cargo :     Checking bridge_monitoring_backend v1.0.0 (D:\SOLO-2\AI_solo_coder_
task_A_121\backend)
所在位置 行:1 字符: 89
+ ... d:\SOLO-2\AI_solo_coder_task_A_121\backend ; cargo check 2>&1 | Tee-O ...
+                                                  ~~~~~~~~~~~~~~~~
    + CategoryInfo          : NotSpecified: (    Checking br..._A_121\backend) 
   :String) [], RemoteException
    + FullyQualifiedErrorId : NativeCommandError
 
error[E0432]: unresolved import `crate::main`
  --> src\handlers.rs:16:16
   |
16 | pub use crate::main::AppState;
   |                ^^^^ could not find `main` in the crate root

error: cannot find derive macro `InfluxDbWriteable` in this scope
  --> src\influxdb_storage.rs:13:10
   |
13 | #[derive(InfluxDbWriteable)]
   |          ^^^^^^^^^^^^^^^^^
   |
note: `InfluxDbWriteable` is imported here, but it is only a trait, without a d
erive macro
  --> src\influxdb_storage.rs:6:24
   |
 6 | use influxdb::{Client, InfluxDbWriteable};
   |                        ^^^^^^^^^^^^^^^^^

error: cannot find attribute `influxdb` in this scope
  --> src\influxdb_storage.rs:16:7
   |
16 |     #[influxdb(tag)]
   |       ^^^^^^^^
   |
   = note: `influxdb` is in scope, but it is a crate, not an attribute

error: cannot find attribute `influxdb` in this scope
  --> src\influxdb_storage.rs:18:7
   |
18 |     #[influxdb(tag)]
   |       ^^^^^^^^
   |
   = note: `influxdb` is in scope, but it is a crate, not an attribute

error: cannot find derive macro `InfluxDbWriteable` in this scope
  --> src\influxdb_storage.rs:24:10
   |
24 | #[derive(InfluxDbWriteable)]
   |          ^^^^^^^^^^^^^^^^^
   |
note: `InfluxDbWriteable` is imported here, but it is only a trait, without a d
erive macro
  --> src\influxdb_storage.rs:6:24
   |
 6 | use influxdb::{Client, InfluxDbWriteable};
   |                        ^^^^^^^^^^^^^^^^^

error: cannot find attribute `influxdb` in this scope
  --> src\influxdb_storage.rs:27:7
   |
27 |     #[influxdb(tag)]
   |       ^^^^^^^^
   |
   = note: `influxdb` is in scope, but it is a crate, not an attribute

error: cannot find attribute `influxdb` in this scope
  --> src\influxdb_storage.rs:29:7
   |
29 |     #[influxdb(tag)]
   |       ^^^^^^^^
   |
   = note: `influxdb` is in scope, but it is a crate, not an attribute

error: cannot find derive macro `InfluxDbWriteable` in this scope
  --> src\influxdb_storage.rs:37:10
   |
37 | #[derive(InfluxDbWriteable)]
   |          ^^^^^^^^^^^^^^^^^
   |
note: `InfluxDbWriteable` is imported here, but it is only a trait, without a d
erive macro
  --> src\influxdb_storage.rs:6:24
   |
 6 | use influxdb::{Client, InfluxDbWriteable};
   |                        ^^^^^^^^^^^^^^^^^

error: cannot find attribute `influxdb` in this scope
  --> src\influxdb_storage.rs:40:7
   |
40 |     #[influxdb(tag)]
   |       ^^^^^^^^
   |
   = note: `influxdb` is in scope, but it is a crate, not an attribute

error: cannot find attribute `influxdb` in this scope
  --> src\influxdb_storage.rs:42:7
   |
42 |     #[influxdb(tag)]
   |       ^^^^^^^^
   |
   = note: `influxdb` is in scope, but it is a crate, not an attribute

error: cannot find derive macro `InfluxDbWriteable` in this scope
  --> src\influxdb_storage.rs:51:10
   |
51 | #[derive(InfluxDbWriteable)]
   |          ^^^^^^^^^^^^^^^^^
   |
note: `InfluxDbWriteable` is imported here, but it is only a trait, without a d
erive macro
  --> src\influxdb_storage.rs:6:24
   |
 6 | use influxdb::{Client, InfluxDbWriteable};
   |                        ^^^^^^^^^^^^^^^^^

error: cannot find attribute `influxdb` in this scope
  --> src\influxdb_storage.rs:54:7
   |
54 |     #[influxdb(tag)]
   |       ^^^^^^^^
   |
   = note: `influxdb` is in scope, but it is a crate, not an attribute

error[E0603]: enum import `AlertSeverity` is private
   --> src\alarm_mqtt.rs:2:58
    |
  2 | use crate::mqtt_alerts::{AlertManager, MQTTAlertService, AlertSeverity};
    |                                                          ^^^^^^^^^^^^^ pr
ivate enum import
    |
note: the enum import `AlertSeverity` is defined here...
   --> src\mqtt_alerts.rs:1:35
    |
  1 | use crate::models::{AlertMessage, AlertSeverity, AlertType};
    |                                   ^^^^^^^^^^^^^
note: ...and refers to the enum `AlertSeverity` which is defined here
   --> src\models.rs:219:1
    |
219 | pub enum AlertSeverity {
    | ^^^^^^^^^^^^^^^^^^^^^^ you could import this directly
help: import `AlertSeverity` directly
    |
  2 | use crate::mqtt_alerts::{AlertManager, MQTTAlertService, models::AlertSev
erity};
    |                                                          ++++++++

warning: unused import: `crate::flutter_analyzer::FlutterAnalyzer`
 --> src\handlers.rs:3:5
  |
3 | use crate::flutter_analyzer::FlutterAnalyzer;
  |     ^^^^^^^^^^^^^^^^^^^^^^^^^^^^^^^^^^^^^^^^
  |
  = note: `#[warn(unused_imports)]` (part of `#[warn(unused)]`) on by default

warning: unused import: `std::sync::Arc`
 --> src\handlers.rs:7:5
  |
7 | use std::sync::Arc;
  |     ^^^^^^^^^^^^^^

warning: unused import: `RwLock`
 --> src\handlers.rs:8:28
  |
8 | use tokio::sync::{oneshot, RwLock};
  |                            ^^^^^^

warning: unused import: `crate::shape_optimizer::PendingOptimizations`
  --> src\handlers.rs:11:5
   |
11 | use crate::shape_optimizer::PendingOptimizations;
   |     ^^^^^^^^^^^^^^^^^^^^^^^^^^^^^^^^^^^^^^^^^^^^

warning: unused import: `crate::mqtt_alerts::AlertManager`
  --> src\handlers.rs:12:5
   |
12 | use crate::mqtt_alerts::AlertManager;
   |     ^^^^^^^^^^^^^^^^^^^^^^^^^^^^^^^^

warning: unused import: `crate::mqtt_alerts::MQTTAlertService`
  --> src\handlers.rs:13:5
   |
13 | use crate::mqtt_alerts::MQTTAlertService;
   |     ^^^^^^^^^^^^^^^^^^^^^^^^^^^^^^^^^^^^

warning: unused import: `crate::influxdb_storage::InfluxDBStorage`
  --> src\handlers.rs:14:5
   |
14 | use crate::influxdb_storage::InfluxDBStorage;
   |     ^^^^^^^^^^^^^^^^^^^^^^^^^^^^^^^^^^^^^^^^

warning: unused import: `BridgeInfo`
 --> src\flutter_analyzer.rs:3:24
  |
3 |     AerodynamicResult, BridgeInfo, DeckAerodynamicShape, DTUPayload, Storag
eMeasurement,
  |                        ^^^^^^^^^^

warning: unused import: `crate::models`
 --> src\flutter_analyzer.rs:6:5
  |
6 | use crate::models;
  |     ^^^^^^^^^^^^^

warning: unused import: `chrono::Utc`
 --> src\flutter_analyzer.rs:7:5
  |
7 | use chrono::Utc;
  |     ^^^^^^^^^^^

warning: unused import: `error`
  --> src\flutter_analyzer.rs:11:27
   |
11 | use tracing::{info, warn, error, debug};
   |                           ^^^^^

warning: unused import: `BridgeInfo`
 --> src\shape_optimizer.rs:4:5
  |
4 |     BridgeInfo, OptimizationConfig, OptimizationResult, SystemMessage, BRID
GES,
  |     ^^^^^^^^^^

warning: unused import: `chrono::Utc`
  --> src\main.rs:22:5
   |
22 | use chrono::Utc;
   |     ^^^^^^^^^^^

warning: unused import: `error`
  --> src\main.rs:27:21
   |
27 | use tracing::{info, error};
   |                     ^^^^^

warning: unused import: `uuid::Uuid`
  --> src\main.rs:28:5
   |
28 | use uuid::Uuid;
   |     ^^^^^^^^^^

error[E0599]: no method named `into_query` found for struct `CableForcePoint` i
n the current scope
  --> src\influxdb_storage.rs:82:27
   |
14 | struct CableForcePoint {
   | ---------------------- method `into_query` not found for this struct
...
82 |         let query = point.into_query("cable_force");
   |                           ^^^^^^^^^^ method not found in `CableForcePoint`
   |
   = help: items from traits can only be used if the trait is implemented and i
n scope
   = note: the following trait defines an item `into_query`, perhaps you need t
o implement it:
           candidate #1: `InfluxDbWriteable`

error[E0599]: no method named `into_query` found for struct `AccelerationPoint`
 in the current scope
   --> src\influxdb_storage.rs:100:27
    |
 25 | struct AccelerationPoint {
    | ------------------------ method `into_query` not found for this struct
...
100 |         let query = point.into_query("deck_acceleration");
    |                           ^^^^^^^^^^ method not found in `AccelerationPoi
nt`
    |
    = help: items from traits can only be used if the trait is implemented and 
in scope
    = note: the following trait defines an item `into_query`, perhaps you need 
to implement it:
            candidate #1: `InfluxDbWriteable`

error[E0599]: no method named `into_query` found for struct `WindDataPoint` in 
the current scope
   --> src\influxdb_storage.rs:119:27
    |
 38 | struct WindDataPoint {
    | -------------------- method `into_query` not found for this struct
...
119 |         let query = point.into_query("wind_data");
    |                           ^^^^^^^^^^ method not found in `WindDataPoint`
    |
    = help: items from traits can only be used if the trait is implemented and 
in scope
    = note: the following trait defines an item `into_query`, perhaps you need 
to implement it:
            candidate #1: `InfluxDbWriteable`

error[E0599]: no method named `into_query` found for struct `AerodynamicPoint` 
in the current scope
   --> src\influxdb_storage.rs:139:27
    |
 52 | struct AerodynamicPoint {
    | ----------------------- method `into_query` not found for this struct
...
139 |         let query = point.into_query("aerodynamic_result");
    |                           ^^^^^^^^^^ method not found in `AerodynamicPoin
t`
    |
    = help: items from traits can only be used if the trait is implemented and 
in scope
    = note: the following trait defines an item `into_query`, perhaps you need 
to implement it:
            candidate #1: `InfluxDbWriteable`

error[E0782]: expected a type, found a trait
   --> src\influxdb_storage.rs:198:21
    |
198 |         let query = Query::new(query_str);
    |                     ^^^^^
    |
help: you can add the `dyn` keyword if you want a trait object
    |
198 |         let query = <dyn Query>::new(query_str);
    |                     ++++      +

error[E0782]: expected a type, found a trait
   --> src\influxdb_storage.rs:218:22
    |
218 |         let _query = Query::new(query_str);
    |                      ^^^^^
    |
help: you can add the `dyn` keyword if you want a trait object
    |
218 |         let _query = <dyn Query>::new(query_str);
    |                      ++++      +

error[E0599]: no method named `set_reconnect_delay` found for struct `rumqttc::
MqttOptions` in the current scope
  --> src\mqtt_alerts.rs:18:22
   |
18 |         mqtt_options.set_reconnect_delay(Duration::from_secs(5));
   |                      ^^^^^^^^^^^^^^^^^^^ method not found in `rumqttc::Mqt
tOptions`

error[E0277]: the trait bound `models::BRIDGES: serde::Serialize` is not satisf
ied
   --> src\handlers.rs:89:45
    |
 89 |     HttpResponse::Ok().json(ApiResponse::ok(BRIDGES))
    |                             --------------- ^^^^^^^ unsatisfied trait bou
nd
    |                             |
    |                             required by a bound introduced by this call
    |
help: the trait `models::_::_serde::Serialize` is not implemented for `models::
BRIDGES`
   --> src\models.rs:276:1
    |
276 | / lazy_static! {
277 | |     pub static ref BRIDGES: Vec<BridgeInfo> = vec![
278 | |         BridgeInfo {
279 | |             bridge_id: "BS001".to_string(), name: "娉稿畾妗?.to_string(), l
ocation: "鍥涘窛鐢樺瓬娉稿畾鍘?.to_string(),
...   |
328 | |     ];
329 | | }
    | |_^
    = note: for local types consider adding `#[derive(serde::Serialize)]` to yo
ur `models::BRIDGES` type
    = note: for types from other crates check whether the crate offers a `serde
` feature flag
    = help: the following other types implement trait `models::_::_serde::Seria
lize`:
              &'a T
              &'a mut T
              ()
              (T,)
              (T0, T1)
              (T0, T1, T2)
              (T0, T1, T2, T3)
              (T0, T1, T2, T3, T4)
            and 184 others
note: required by a bound in `ApiResponse::<T>::ok`
   --> src\handlers.rs:55:9
    |
 55 | impl<T: Serialize> ApiResponse<T> {
    |         ^^^^^^^^^ required by this bound in `ApiResponse::<T>::ok`
 56 |     pub fn ok(data: T) -> Self {
    |            -- required by a bound in this associated function
    = note: this error originates in the macro `lazy_static` (in Nightly builds
, run with -Z macro-backtrace for more info)

error[E0277]: the trait bound `models::BRIDGES: serde::Serialize` is not satisf
ied
   --> src\handlers.rs:89:29
    |
 89 |     HttpResponse::Ok().json(ApiResponse::ok(BRIDGES))
    |                             ^^^^^^^^^^^^^^^^^^^^^^^^ unsatisfied trait bo
und
    |
help: the trait `models::_::_serde::Serialize` is not implemented for `models::
BRIDGES`
   --> src\models.rs:276:1
    |
276 | / lazy_static! {
277 | |     pub static ref BRIDGES: Vec<BridgeInfo> = vec![
278 | |         BridgeInfo {
279 | |             bridge_id: "BS001".to_string(), name: "娉稿畾妗?.to_string(), l
ocation: "鍥涘窛鐢樺瓬娉稿畾鍘?.to_string(),
...   |
328 | |     ];
329 | | }
    | |_^
    = note: for local types consider adding `#[derive(serde::Serialize)]` to yo
ur `models::BRIDGES` type
    = note: for types from other crates check whether the crate offers a `serde
` feature flag
    = help: the following other types implement trait `models::_::_serde::Seria
lize`:
              &'a T
              &'a mut T
              ()
              (T,)
              (T0, T1)
              (T0, T1, T2)
              (T0, T1, T2, T3)
              (T0, T1, T2, T3, T4)
            and 184 others
note: required by a bound in `ApiResponse`
   --> src\handlers.rs:48:27
    |
 48 | pub struct ApiResponse<T: Serialize> {
    |                           ^^^^^^^^^ required by this bound in `ApiRespons
e`
    = note: this error originates in the macro `lazy_static` (in Nightly builds
, run with -Z macro-backtrace for more info)

error[E0277]: the size for values of type `str` cannot be known at compilation 
time
   --> src\handlers.rs:116:9
    |
116 |         Ok(count) => {
    |         ^^^^^^^^^ doesn't have a size known at compile-time
    |
    = help: the trait `std::marker::Sized` is not implemented for `str`
note: required by a bound in `Ok`
   --> /rustc/ac68faa20c58cbccd01ee7208bf3b6e93a7d7f96/library\core\src\result.
rs:561:4

error[E0277]: the size for values of type `str` cannot be known at compilation 
time
   --> src\handlers.rs:133:13
    |
133 |         Err(e) => HttpResponse::InternalServerError().json(ApiResponse::<
serde_json::Value>::err(&e)),
    |             ^ doesn't have a size known at compile-time
    |
    = help: the trait `std::marker::Sized` is not implemented for `str`
    = note: all local variables must have a statically known size

error[E0277]: the size for values of type `str` cannot be known at compilation 
time
   --> src\handlers.rs:133:9
    |
133 |         Err(e) => HttpResponse::InternalServerError().json(ApiResponse::<
serde_json::Value>::err(&e)),
    |         ^^^^^^ doesn't have a size known at compile-time
    |
    = help: the trait `std::marker::Sized` is not implemented for `str`
note: required by a bound in `Err`
   --> /rustc/ac68faa20c58cbccd01ee7208bf3b6e93a7d7f96/library\core\src\result.
rs:566:4

error[E0277]: the size for values of type `str` cannot be known at compilation 
time
   --> src\handlers.rs:115:67
    |
115 |     match data.dtu_receiver.process_payload(payload.into_inner()).await {
    |                                                                   ^^^^^ d
oesn't have a size known at compile-time
    |
    = help: the trait `std::marker::Sized` is not implemented for `str`
note: required by an implicit `Sized` bound in `Result`
   --> /rustc/ac68faa20c58cbccd01ee7208bf3b6e93a7d7f96/library\core\src\result.
rs:557:0

error[E0277]: the size for values of type `str` cannot be known at compilation 
time
   --> src\handlers.rs:145:9
    |
145 |         Ok(result) => HttpResponse::Ok().json(ApiResponse::ok(result)),
    |         ^^^^^^^^^^ doesn't have a size known at compile-time
    |
    = help: the trait `std::marker::Sized` is not implemented for `str`
note: required by a bound in `Ok`
   --> /rustc/ac68faa20c58cbccd01ee7208bf3b6e93a7d7f96/library\core\src\result.
rs:561:4

error[E0277]: the size for values of type `str` cannot be known at compilation 
time
   --> src\handlers.rs:146:13
    |
146 |         Err(e) => HttpResponse::NotFound().json(ApiResponse::<Aerodynamic
Result>::err(&e)),
    |             ^ doesn't have a size known at compile-time
    |
    = help: the trait `std::marker::Sized` is not implemented for `str`
    = note: all local variables must have a statically known size

error[E0277]: the size for values of type `str` cannot be known at compilation 
time
   --> src\handlers.rs:146:9
    |
146 |         Err(e) => HttpResponse::NotFound().json(ApiResponse::<Aerodynamic
Result>::err(&e)),
    |         ^^^^^^ doesn't have a size known at compile-time
    |
    = help: the trait `std::marker::Sized` is not implemented for `str`
note: required by a bound in `Err`
   --> /rustc/ac68faa20c58cbccd01ee7208bf3b6e93a7d7f96/library\core\src\result.
rs:566:4

error[E0277]: the size for values of type `str` cannot be known at compilation 
time
   --> src\handlers.rs:144:7
    |
144 |     ).await {
    |       ^^^^^ doesn't have a size known at compile-time
    |
    = help: the trait `std::marker::Sized` is not implemented for `str`
note: required by an implicit `Sized` bound in `Result`
   --> /rustc/ac68faa20c58cbccd01ee7208bf3b6e93a7d7f96/library\core\src\result.
rs:557:0

error[E0277]: the size for values of type `str` cannot be known at compilation 
time
   --> src\handlers.rs:159:9
    |
159 |         Ok(result) => HttpResponse::Ok().json(ApiResponse::ok(result)),
    |         ^^^^^^^^^^ doesn't have a size known at compile-time
    |
    = help: the trait `std::marker::Sized` is not implemented for `str`
note: required by a bound in `Ok`
   --> /rustc/ac68faa20c58cbccd01ee7208bf3b6e93a7d7f96/library\core\src\result.
rs:561:4

error[E0277]: the size for values of type `str` cannot be known at compilation 
time
   --> src\handlers.rs:160:13
    |
160 |         Err(e) => HttpResponse::NotFound().json(ApiResponse::<Aerodynamic
Result>::err(&e)),
    |             ^ doesn't have a size known at compile-time
    |
    = help: the trait `std::marker::Sized` is not implemented for `str`
    = note: all local variables must have a statically known size

error[E0277]: the size for values of type `str` cannot be known at compilation 
time
   --> src\handlers.rs:160:9
    |
160 |         Err(e) => HttpResponse::NotFound().json(ApiResponse::<Aerodynamic
Result>::err(&e)),
    |         ^^^^^^ doesn't have a size known at compile-time
    |
    = help: the trait `std::marker::Sized` is not implemented for `str`
note: required by a bound in `Err`
   --> /rustc/ac68faa20c58cbccd01ee7208bf3b6e93a7d7f96/library\core\src\result.
rs:566:4

error[E0277]: the size for values of type `str` cannot be known at compilation 
time
   --> src\handlers.rs:158:7
    |
158 |     ).await {
    |       ^^^^^ doesn't have a size known at compile-time
    |
    = help: the trait `std::marker::Sized` is not implemented for `str`
note: required by an implicit `Sized` bound in `Result`
   --> /rustc/ac68faa20c58cbccd01ee7208bf3b6e93a7d7f96/library\core\src\result.
rs:557:0

error[E0277]: the size for values of type `str` cannot be known at compilation 
time
   --> src\handlers.rs:172:9
    |
172 |         Ok(response) => HttpResponse::Ok().json(ApiResponse::ok(response)
),
    |         ^^^^^^^^^^^^ doesn't have a size known at compile-time
    |
    = help: the trait `std::marker::Sized` is not implemented for `str`
note: required by a bound in `Ok`
   --> /rustc/ac68faa20c58cbccd01ee7208bf3b6e93a7d7f96/library\core\src\result.
rs:561:4

error[E0277]: the size for values of type `str` cannot be known at compilation 
time
   --> src\handlers.rs:173:13
    |
173 |         Err(e) => HttpResponse::NotFound().json(ApiResponse::<VibrationRe
sponse>::err(&e)),
    |             ^ doesn't have a size known at compile-time
    |
    = help: the trait `std::marker::Sized` is not implemented for `str`
    = note: all local variables must have a statically known size

error[E0277]: the size for values of type `str` cannot be known at compilation 
time
   --> src\handlers.rs:173:9
    |
173 |         Err(e) => HttpResponse::NotFound().json(ApiResponse::<VibrationRe
sponse>::err(&e)),
    |         ^^^^^^ doesn't have a size known at compile-time
    |
    = help: the trait `std::marker::Sized` is not implemented for `str`
note: required by a bound in `Err`
   --> /rustc/ac68faa20c58cbccd01ee7208bf3b6e93a7d7f96/library\core\src\result.
rs:566:4

error[E0277]: the size for values of type `str` cannot be known at compilation 
time
   --> src\handlers.rs:171:7
    |
171 |     ).await {
    |       ^^^^^ doesn't have a size known at compile-time
    |
    = help: the trait `std::marker::Sized` is not implemented for `str`
note: required by an implicit `Sized` bound in `Result`
   --> /rustc/ac68faa20c58cbccd01ee7208bf3b6e93a7d7f96/library\core\src\result.
rs:557:0

error[E0277]: the size for values of type `str` cannot be known at compilation 
time
   --> src\handlers.rs:185:9
    |
185 |         Ok(deformation) => HttpResponse::Ok().json(ApiResponse::ok(deform
ation)),
    |         ^^^^^^^^^^^^^^^ doesn't have a size known at compile-time
    |
    = help: the trait `std::marker::Sized` is not implemented for `str`
note: required by a bound in `Ok`
   --> /rustc/ac68faa20c58cbccd01ee7208bf3b6e93a7d7f96/library\core\src\result.
rs:561:4

error[E0277]: the size for values of type `str` cannot be known at compilation 
time
   --> src\handlers.rs:186:13
    |
186 |         Err(e) => HttpResponse::NotFound().json(ApiResponse::<Vec<(f64, f
64, f64)>>::err(&e)),
    |             ^ doesn't have a size known at compile-time
    |
    = help: the trait `std::marker::Sized` is not implemented for `str`
    = note: all local variables must have a statically known size

error[E0277]: the size for values of type `str` cannot be known at compilation 
time
   --> src\handlers.rs:186:9
    |
186 |         Err(e) => HttpResponse::NotFound().json(ApiResponse::<Vec<(f64, f
64, f64)>>::err(&e)),
    |         ^^^^^^ doesn't have a size known at compile-time
    |
    = help: the trait `std::marker::Sized` is not implemented for `str`
note: required by a bound in `Err`
   --> /rustc/ac68faa20c58cbccd01ee7208bf3b6e93a7d7f96/library\core\src\result.
rs:566:4

error[E0277]: the size for values of type `str` cannot be known at compilation 
time
   --> src\handlers.rs:184:7
    |
184 |     ).await {
    |       ^^^^^ doesn't have a size known at compile-time
    |
    = help: the trait `std::marker::Sized` is not implemented for `str`
note: required by an implicit `Sized` bound in `Result`
   --> /rustc/ac68faa20c58cbccd01ee7208bf3b6e93a7d7f96/library\core\src\result.
rs:557:0

error[E0609]: no field `critical_speed_improvement_pct` on type `models::Optimi
zationResult`
   --> src\handlers.rs:219:80
    |
219 |             info!("[API] 浼樺寲瀹屾垚 request_id={}, Ucr鎻愬崌={:.1}%", request_id
, result.critical_speed_improvement_pct);
    |                                                                          
            ^^^^^^^^^^^^^^^^^^^^^^^^^^^^^^ unknown field
    |
    = note: available fields are: `bridge_id`, `best_shape`, `best_fitness`, `i
mproved_critical_speed`, `flutter_probability_reduction` ... and 2 others

error[E0277]: the size for values of type `str` cannot be known at compilation 
time
   --> src\handlers.rs:241:21
    |
241 |                     Ok(result) => HttpResponse::Ok().json(ApiResponse::ok
(result)),
    |                     ^^^^^^^^^^ doesn't have a size known at compile-time
    |
    = help: the trait `std::marker::Sized` is not implemented for `str`
note: required by a bound in `Ok`
   --> /rustc/ac68faa20c58cbccd01ee7208bf3b6e93a7d7f96/library\core\src\result.
rs:561:4

error[E0277]: the size for values of type `str` cannot be known at compilation 
time
   --> src\handlers.rs:242:25
    |
242 |                     Err(e) => HttpResponse::InternalServerError().json(Ap
iResponse::<AerodynamicResult>::err(&e)),
    |                         ^ doesn't have a size known at compile-time
    |
    = help: the trait `std::marker::Sized` is not implemented for `str`
    = note: all local variables must have a statically known size

error[E0277]: the size for values of type `str` cannot be known at compilation 
time
   --> src\handlers.rs:242:21
    |
242 |                     Err(e) => HttpResponse::InternalServerError().json(Ap
iResponse::<AerodynamicResult>::err(&e)),
    |                     ^^^^^^ doesn't have a size known at compile-time
    |
    = help: the trait `std::marker::Sized` is not implemented for `str`
note: required by a bound in `Err`
   --> /rustc/ac68faa20c58cbccd01ee7208bf3b6e93a7d7f96/library\core\src\result.
rs:566:4

error[E0277]: the size for values of type `str` cannot be known at compilation 
time
   --> src\handlers.rs:240:92
    |
240 |                 match data.flutter_analyzer.evaluate_external(&bridge_id,
 15.0, 0.0, None).await {
    |                                                                          
                  ^^^^^ doesn't have a size known at compile-time
    |
    = help: the trait `std::marker::Sized` is not implemented for `str`
note: required by an implicit `Sized` bound in `Result`
   --> /rustc/ac68faa20c58cbccd01ee7208bf3b6e93a7d7f96/library\core\src\result.
rs:557:0

error[E0277]: the size for values of type `str` cannot be known at compilation 
time
   --> src\handlers.rs:257:9
    |
257 |         Ok(curve) => HttpResponse::Ok().json(ApiResponse::ok(curve)),
    |         ^^^^^^^^^ doesn't have a size known at compile-time
    |
    = help: the trait `std::marker::Sized` is not implemented for `str`
note: required by a bound in `Ok`
   --> /rustc/ac68faa20c58cbccd01ee7208bf3b6e93a7d7f96/library\core\src\result.
rs:561:4

error[E0277]: the size for values of type `str` cannot be known at compilation 
time
   --> src\handlers.rs:258:13
    |
258 |         Err(e) => HttpResponse::NotFound().json(ApiResponse::<Vec<(f64, f
64)>>::err(&e)),
    |             ^ doesn't have a size known at compile-time
    |
    = help: the trait `std::marker::Sized` is not implemented for `str`
    = note: all local variables must have a statically known size

error[E0277]: the size for values of type `str` cannot be known at compilation 
time
   --> src\handlers.rs:258:9
    |
258 |         Err(e) => HttpResponse::NotFound().json(ApiResponse::<Vec<(f64, f
64)>>::err(&e)),
    |         ^^^^^^ doesn't have a size known at compile-time
    |
    = help: the trait `std::marker::Sized` is not implemented for `str`
note: required by a bound in `Err`
   --> /rustc/ac68faa20c58cbccd01ee7208bf3b6e93a7d7f96/library\core\src\result.
rs:566:4

error[E0277]: the size for values of type `str` cannot be known at compilation 
time
   --> src\handlers.rs:256:73
    |
256 |     match data.flutter_analyzer.compute_flutter_curve(&bridge_id, None).a
wait {
    |                                                                         ^
^^^^ doesn't have a size known at compile-time
    |
    = help: the trait `std::marker::Sized` is not implemented for `str`
note: required by an implicit `Sized` bound in `Result`
   --> /rustc/ac68faa20c58cbccd01ee7208bf3b6e93a7d7f96/library\core\src\result.
rs:557:0

error[E0599]: no method named `validate` found for struct `models::DTUPayload` 
in the current scope
  --> src\dtu_receiver.rs:27:23
   |
27 |         match payload.validate() {
   |                       ^^^^^^^^ method not found in `models::DTUPayload`
   |
  ::: src\models.rs:93:1
   |
93 | pub struct DTUPayload {
   | --------------------- method `validate` not found for this struct
   |
   = help: items from traits can only be used if the trait is implemented and i
n scope
   = note: the following trait defines an item `validate`, perhaps you need to 
implement it:
           candidate #1: `Validate`

error[E0599]: no method named `unwrap_or_else` found for struct `chrono::DateTi
me<Tz>` in the current scope
  --> src\dtu_receiver.rs:51:43
   |
51 |         let timestamp = payload.timestamp.unwrap_or_else(|| Utc::now());
   |                                           ^^^^^^^^^^^^^^ method not found 
in `chrono::DateTime<Utc>`

error[E0609]: no field `cable_force` on type `&CableForceReading`
  --> src\dtu_receiver.rs:59:31
   |
59 |                     force: cf.cable_force,
   |                               ^^^^^^^^^^^ unknown field
   |
   = note: available fields are: `cable_id`, `force`, `temperature`

error[E0609]: no field `acc_x` on type `&AccelerationReading`
  --> src\dtu_receiver.rs:74:29
   |
74 |                     ax: acc.acc_x,
   |                             ^^^^^ unknown field
   |
   = note: available fields are: `sensor_id`, `position_x`, `ax`, `ay`, `az`

error[E0609]: no field `acc_y` on type `&AccelerationReading`
  --> src\dtu_receiver.rs:75:29
   |
75 |                     ay: acc.acc_y,
   |                             ^^^^^ unknown field
   |
   = note: available fields are: `sensor_id`, `position_x`, `ax`, `ay`, `az`

error[E0609]: no field `acc_z` on type `&AccelerationReading`
  --> src\dtu_receiver.rs:76:29
   |
76 |                     az: acc.acc_z,
   |                             ^^^^^ unknown field
   |
   = note: available fields are: `sensor_id`, `position_x`, `ax`, `ay`, `az`

error[E0609]: no field `wind_data` on type `&models::DTUPayload`
  --> src\dtu_receiver.rs:85:28
   |
85 |         for wd in &payload.wind_data {
   |                            ^^^^^^^^^ unknown field
   |
   = note: available fields are: `device_id`, `bridge_id`, `timestamp`, `cable_
forces`, `accelerations`, `wind`

warning: variable does not need to be mutable
  --> src\flutter_analyzer.rs:36:22
   |
36 |     pub async fn run(mut self, mut rx: mpsc::Receiver<SystemMessage>) {
   |                      ----^^^^
   |                      |
   |                      help: remove this `mut`
   |
   = note: `#[warn(unused_mut)]` (part of `#[warn(unused)]`) on by default

error[E0308]: mismatched types
  --> src\flutter_analyzer.rs:61:25
   |
61 |             return Some(model.clone());
   |                    ---- ^^^^^^^^^^^^^ expected `AerodynamicModel`, found `
&AerodynamicModel`
   |                    |
   |                    arguments to this enum variant are incorrect
   |
note: `AerodynamicModel` does not implement `Clone`, so `&AerodynamicModel` was
 cloned instead
  --> src\flutter_analyzer.rs:61:25
   |
61 |             return Some(model.clone());
   |                         ^^^^^
help: the type constructed contains `&AerodynamicModel` due to the type of the 
argument passed
  --> src\flutter_analyzer.rs:61:20
   |
61 |             return Some(model.clone());
   |                    ^^^^^-------------^
   |                         |
   |                         this argument influences the type of `Some`
note: tuple variant defined here
  --> /rustc/ac68faa20c58cbccd01ee7208bf3b6e93a7d7f96/library\core\src\option.r
s:608:4
help: consider annotating `AerodynamicModel` with `#[derive(Clone)]`
  --> src\aerodynamic_model.rs:34:1
   |
34 + #[derive(Clone)]
35 | pub struct AerodynamicModel {
   |

error[E0599]: no method named `clone` found for struct `AerodynamicModel` in th
e current scope
  --> src\flutter_analyzer.rs:65:51
   |
65 |         cache.insert(bridge_id.to_string(), model.clone());
   |                                                   ^^^^^ method not found i
n `AerodynamicModel`
   |
  ::: src\aerodynamic_model.rs:34:1
   |
34 | pub struct AerodynamicModel {
   | --------------------------- method `clone` not found for this struct
   |
   = help: items from traits can only be used if the trait is implemented and i
n scope
   = note: the following trait defines an item `clone`, perhaps you need to imp
lement it:
           candidate #1: `Clone`

error[E0609]: no field `wind_data` on type `models::DTUPayload`
  --> src\flutter_analyzer.rs:72:34
   |
72 |         let wind_speed = payload.wind_data.first().map(|w| w.wind_speed).u
nwrap_or(0.0);
   |                                  ^^^^^^^^^ unknown field
   |
   = note: available fields are: `device_id`, `bridge_id`, `timestamp`, `cable_
forces`, `accelerations`, `wind`

error[E0609]: no field `wind_data` on type `models::DTUPayload`
  --> src\flutter_analyzer.rs:73:36
   |
73 |         let attack_angle = payload.wind_data.first().map(|w| w.attack_angl
e).unwrap_or(0.0);
   |                                    ^^^^^^^^^ unknown field
   |
   = note: available fields are: `device_id`, `bridge_id`, `timestamp`, `cable_
forces`, `accelerations`, `wind`

error[E0308]: arguments to this method are incorrect
   --> src\flutter_analyzer.rs:130:18
    |
130 |         Ok(model.compute_vibration_response(wind_speed, attack_angle, dur
ation, dt))
    |                  ^^^^^^^^^^^^^^^^^^^^^^^^^^
    |
note: expected `f64`, found `Option<f64>`
   --> src\flutter_analyzer.rs:130:71
    |
130 |         Ok(model.compute_vibration_response(wind_speed, attack_angle, dur
ation, dt))
    |                                                                       ^^^
^^^^^
    = note: expected type `f64`
               found enum `std::option::Option<f64>`
note: expected `f64`, found `Option<f64>`
   --> src\flutter_analyzer.rs:130:81
    |
130 |         Ok(model.compute_vibration_response(wind_speed, attack_angle, dur
ation, dt))
    |                                                                          
       ^^
    = note: expected type `f64`
               found enum `std::option::Option<f64>`
note: method defined here
   --> src\aerodynamic_model.rs:278:12
    |
278 |     pub fn compute_vibration_response(
    |            ^^^^^^^^^^^^^^^^^^^^^^^^^^
...
282 |         duration: f64,
    |         -------------
283 |         dt: f64,
    |         -------
help: consider using `Option::expect` to unwrap the `std::option::Option<f64>` 
value, panicking if the value is an `Option::None`
    |
130 |         Ok(model.compute_vibration_response(wind_speed, attack_angle, dur
ation.expect("REASON"), dt))
    |                                                                          
     +++++++++++++++++
help: consider using `Option::expect` to unwrap the `std::option::Option<f64>` 
value, panicking if the value is an `Option::None`
    |
130 |         Ok(model.compute_vibration_response(wind_speed, attack_angle, dur
ation, dt.expect("REASON")))
    |                                                                          
         +++++++++++++++++

error[E0308]: mismatched types
   --> src\flutter_analyzer.rs:142:69
    |
142 |         Ok(model.compute_deck_deformation(wind_speed, attack_angle, point
s))
    |                  ------------------------                           ^^^^^
^ expected `usize`, found `Option<usize>`
    |                  |
    |                  arguments to this method are incorrect
    |
    = note: expected type `usize`
               found enum `std::option::Option<usize>`
note: method defined here
   --> src\aerodynamic_model.rs:329:12
    |
329 |     pub fn compute_deck_deformation(
    |            ^^^^^^^^^^^^^^^^^^^^^^^^
...
333 |         segments: usize,
    |         ---------------
help: consider using `Option::expect` to unwrap the `std::option::Option<usize>
` value, panicking if the value is an `Option::None`
    |
142 |         Ok(model.compute_deck_deformation(wind_speed, attack_angle, point
s.expect("REASON")))
    |                                                                          
 +++++++++++++++++

error[E0609]: no field `critical_speed_improvement_pct` on type `models::Optimi
zationResult`
  --> src\shape_optimizer.rs:81:20
   |
81 |             result.critical_speed_improvement_pct, result.flutter_probabil
ity_reduction_pct);
   |                    ^^^^^^^^^^^^^^^^^^^^^^^^^^^^^^ unknown field
   |
   = note: available fields are: `bridge_id`, `best_shape`, `best_fitness`, `im
proved_critical_speed`, `flutter_probability_reduction` ... and 2 others

error[E0609]: no field `flutter_probability_reduction_pct` on type `models::Opt
imizationResult`
  --> src\shape_optimizer.rs:81:59
   |
81 |             result.critical_speed_improvement_pct, result.flutter_probabil
ity_reduction_pct);
   |                                                           ^^^^^^^^^^^^^^^^
^^^^^^^^^^^^^^^^^ unknown field
   |
help: a field with a similar name exists
   |
81 -             result.critical_speed_improvement_pct, result.flutter_probabil
ity_reduction_pct);
81 +             result.critical_speed_improvement_pct, result.flutter_probabil
ity_reduction);
   |

warning: variable does not need to be mutable
  --> src\shape_optimizer.rs:27:22
   |
27 |     pub async fn run(mut self, mut rx: mpsc::Receiver<SystemMessage>) {
   |                      ----^^^^
   |                      |
   |                      help: remove this `mut`

error[E0308]: mismatched types
  --> src\shape_optimizer.rs:60:25
   |
60 |             return Some(model.clone());
   |                    ---- ^^^^^^^^^^^^^ expected `AerodynamicModel`, found `
&AerodynamicModel`
   |                    |
   |                    arguments to this enum variant are incorrect
   |
note: `AerodynamicModel` does not implement `Clone`, so `&AerodynamicModel` was
 cloned instead
  --> src\shape_optimizer.rs:60:25
   |
60 |             return Some(model.clone());
   |                         ^^^^^
help: the type constructed contains `&AerodynamicModel` due to the type of the 
argument passed
  --> src\shape_optimizer.rs:60:20
   |
60 |             return Some(model.clone());
   |                    ^^^^^-------------^
   |                         |
   |                         this argument influences the type of `Some`
note: tuple variant defined here
  --> /rustc/ac68faa20c58cbccd01ee7208bf3b6e93a7d7f96/library\core\src\option.r
s:608:4
help: consider annotating `AerodynamicModel` with `#[derive(Clone)]`
  --> src\aerodynamic_model.rs:34:1
   |
34 + #[derive(Clone)]
35 | pub struct AerodynamicModel {
   |

error[E0599]: no method named `clone` found for struct `AerodynamicModel` in th
e current scope
  --> src\shape_optimizer.rs:64:51
   |
64 |         cache.insert(bridge_id.to_string(), model.clone());
   |                                                   ^^^^^ method not found i
n `AerodynamicModel`
   |
  ::: src\aerodynamic_model.rs:34:1
   |
34 | pub struct AerodynamicModel {
   | --------------------------- method `clone` not found for this struct
   |
   = help: items from traits can only be used if the trait is implemented and i
n scope
   = note: the following trait defines an item `clone`, perhaps you need to imp
lement it:
           candidate #1: `Clone`

warning: variable does not need to be mutable
  --> src\alarm_mqtt.rs:22:22
   |
22 |     pub async fn run(mut self, mut rx: mpsc::Receiver<SystemMessage>) {
   |                      ----^^^^
   |                      |
   |                      help: remove this `mut`

error[E0614]: type `AlertSeverity` cannot be dereferenced
  --> src\alarm_mqtt.rs:90:12
   |
90 |         if *severity != AlertSeverity::Info {
   |            ^^^^^^^^^ can't be dereferenced

error[E0277]: the trait bound `std::string::String: influxdb::Query` is not sat
isfied
   --> src\main.rs:136:53
    |
136 |   ...   storage_clone.client.query(&format!(
    |  ____________________________-----__^
    | |                            |
    | |                            required by a bound introduced by this call
137 | | ...       "INSERT INTO cable_force (bridge_id, cable_id, cable_force, t
emperature, time) VALUES ('{}', '{}', {}, {}, {})",
138 | | ...       bridge_id, cable_id, force, temp, time.timestamp()
139 | | ...   )).await
    | |_______^ the trait `influxdb::Query` is not implemented for `std::string
::String`
    |
    = help: the following other types implement trait `influxdb::Query`:
              &Q
              Box<Q>
              Vec<influxdb::WriteQuery>
              influxdb::ReadQuery
              influxdb::WriteQuery
    = note: required for `&std::string::String` to implement `influxdb::Query`
note: required by a bound in `influxdb::Client::query`
   --> C:\Users\y\.cargo\registry\src\index.crates.io-1949cf8c6b5b557f\influxdb
-0.7.2\src\client\mod.rs:230:12
    |
228 |     pub async fn query<Q>(&self, q: Q) -> Result<String, Error>
    |                  ----- required by a bound in this associated function
229 |     where
230 |         Q: Query,
    |            ^^^^^ required by this bound in `Client::query`

error[E0277]: the trait bound `std::string::String: influxdb::Query` is not sat
isfied
   --> src\main.rs:136:25
    |
136 | / ...   storage_clone.client.query(&format!(
137 | | ...       "INSERT INTO cable_force (bridge_id, cable_id, cable_force, t
emperature, time) VALUES ('{}', '{}', {}, {}, {})",
138 | | ...       bridge_id, cable_id, force, temp, time.timestamp()
139 | | ...   )).await
    | |________^ the trait `influxdb::Query` is not implemented for `std::strin
g::String`
    |
    = help: the following other types implement trait `influxdb::Query`:
              &Q
              Box<Q>
              Vec<influxdb::WriteQuery>
              influxdb::ReadQuery
              influxdb::WriteQuery
    = note: required for `&std::string::String` to implement `influxdb::Query`
note: required by a bound in `influxdb::Client::query`
   --> C:\Users\y\.cargo\registry\src\index.crates.io-1949cf8c6b5b557f\influxdb
-0.7.2\src\client\mod.rs:230:12
    |
228 |     pub async fn query<Q>(&self, q: Q) -> Result<String, Error>
    |                  ----- required by a bound in this associated function
229 |     where
230 |         Q: Query,
    |            ^^^^^ required by this bound in `Client::query`

error[E0277]: the trait bound `std::string::String: influxdb::Query` is not sat
isfied
   --> src\main.rs:139:28
    |
139 |                         )).await
    |                            ^^^^^ the trait `influxdb::Query` is not imple
mented for `std::string::String`
    |
    = help: the following other types implement trait `influxdb::Query`:
              &Q
              Box<Q>
              Vec<influxdb::WriteQuery>
              influxdb::ReadQuery
              influxdb::WriteQuery
    = note: required for `&std::string::String` to implement `influxdb::Query`
note: required by a bound in `influxdb::Client::query`
   --> C:\Users\y\.cargo\registry\src\index.crates.io-1949cf8c6b5b557f\influxdb
-0.7.2\src\client\mod.rs:230:12
    |
228 |     pub async fn query<Q>(&self, q: Q) -> Result<String, Error>
    |                  ----- required by a bound in this associated function
229 |     where
230 |         Q: Query,
    |            ^^^^^ required by this bound in `Client::query`

error[E0277]: the trait bound `std::string::String: influxdb::Query` is not sat
isfied
   --> src\main.rs:142:53
    |
142 |   ...   storage_clone.client.query(&format!(
    |  ____________________________-----__^
    | |                            |
    | |                            required by a bound introduced by this call
143 | | ...       "INSERT INTO deck_acceleration (bridge_id, sensor_id, acc_x, 
acc_y, acc_z, time) VALUES ('{}', '{}', {}, {}, {}, {})",
144 | | ...       bridge_id, sensor_id, ax, ay, az, time.timestamp()
145 | | ...   )).await
    | |_______^ the trait `influxdb::Query` is not implemented for `std::string
::String`
    |
    = help: the following other types implement trait `influxdb::Query`:
              &Q
              Box<Q>
              Vec<influxdb::WriteQuery>
              influxdb::ReadQuery
              influxdb::WriteQuery
    = note: required for `&std::string::String` to implement `influxdb::Query`
note: required by a bound in `influxdb::Client::query`
   --> C:\Users\y\.cargo\registry\src\index.crates.io-1949cf8c6b5b557f\influxdb
-0.7.2\src\client\mod.rs:230:12
    |
228 |     pub async fn query<Q>(&self, q: Q) -> Result<String, Error>
    |                  ----- required by a bound in this associated function
229 |     where
230 |         Q: Query,
    |            ^^^^^ required by this bound in `Client::query`

error[E0277]: the trait bound `std::string::String: influxdb::Query` is not sat
isfied
   --> src\main.rs:142:25
    |
142 | / ...   storage_clone.client.query(&format!(
143 | | ...       "INSERT INTO deck_acceleration (bridge_id, sensor_id, acc_x, 
acc_y, acc_z, time) VALUES ('{}', '{}', {}, {}, {}, {})",
144 | | ...       bridge_id, sensor_id, ax, ay, az, time.timestamp()
145 | | ...   )).await
    | |________^ the trait `influxdb::Query` is not implemented for `std::strin
g::String`
    |
    = help: the following other types implement trait `influxdb::Query`:
              &Q
              Box<Q>
              Vec<influxdb::WriteQuery>
              influxdb::ReadQuery
              influxdb::WriteQuery
    = note: required for `&std::string::String` to implement `influxdb::Query`
note: required by a bound in `influxdb::Client::query`
   --> C:\Users\y\.cargo\registry\src\index.crates.io-1949cf8c6b5b557f\influxdb
-0.7.2\src\client\mod.rs:230:12
    |
228 |     pub async fn query<Q>(&self, q: Q) -> Result<String, Error>
    |                  ----- required by a bound in this associated function
229 |     where
230 |         Q: Query,
    |            ^^^^^ required by this bound in `Client::query`

error[E0277]: the trait bound `std::string::String: influxdb::Query` is not sat
isfied
   --> src\main.rs:145:28
    |
145 |                         )).await
    |                            ^^^^^ the trait `influxdb::Query` is not imple
mented for `std::string::String`
    |
    = help: the following other types implement trait `influxdb::Query`:
              &Q
              Box<Q>
              Vec<influxdb::WriteQuery>
              influxdb::ReadQuery
              influxdb::WriteQuery
    = note: required for `&std::string::String` to implement `influxdb::Query`
note: required by a bound in `influxdb::Client::query`
   --> C:\Users\y\.cargo\registry\src\index.crates.io-1949cf8c6b5b557f\influxdb
-0.7.2\src\client\mod.rs:230:12
    |
228 |     pub async fn query<Q>(&self, q: Q) -> Result<String, Error>
    |                  ----- required by a bound in this associated function
229 |     where
230 |         Q: Query,
    |            ^^^^^ required by this bound in `Client::query`

error[E0277]: the trait bound `std::string::String: influxdb::Query` is not sat
isfied
   --> src\main.rs:148:53
    |
148 |   ...   storage_clone.client.query(&format!(
    |  ____________________________-----__^
    | |                            |
    | |                            required by a bound introduced by this call
149 | | ...       "INSERT INTO wind_data (bridge_id, sensor_id, wind_speed, win
d_direction, attack_angle, time) VALUES ('{}', '{}', {}, {...
150 | | ...       bridge_id, sensor_id, speed, dir, attack, time.timestamp()
151 | | ...   )).await
    | |_______^ the trait `influxdb::Query` is not implemented for `std::string
::String`
    |
    = help: the following other types implement trait `influxdb::Query`:
              &Q
              Box<Q>
              Vec<influxdb::WriteQuery>
              influxdb::ReadQuery
              influxdb::WriteQuery
    = note: required for `&std::string::String` to implement `influxdb::Query`
note: required by a bound in `influxdb::Client::query`
   --> C:\Users\y\.cargo\registry\src\index.crates.io-1949cf8c6b5b557f\influxdb
-0.7.2\src\client\mod.rs:230:12
    |
228 |     pub async fn query<Q>(&self, q: Q) -> Result<String, Error>
    |                  ----- required by a bound in this associated function
229 |     where
230 |         Q: Query,
    |            ^^^^^ required by this bound in `Client::query`

error[E0277]: the trait bound `std::string::String: influxdb::Query` is not sat
isfied
   --> src\main.rs:148:25
    |
148 | / ...   storage_clone.client.query(&format!(
149 | | ...       "INSERT INTO wind_data (bridge_id, sensor_id, wind_speed, win
d_direction, attack_angle, time) VALUES ('{}', '{}', {}, {...
150 | | ...       bridge_id, sensor_id, speed, dir, attack, time.timestamp()
151 | | ...   )).await
    | |________^ the trait `influxdb::Query` is not implemented for `std::strin
g::String`
    |
    = help: the following other types implement trait `influxdb::Query`:
              &Q
              Box<Q>
              Vec<influxdb::WriteQuery>
              influxdb::ReadQuery
              influxdb::WriteQuery
    = note: required for `&std::string::String` to implement `influxdb::Query`
note: required by a bound in `influxdb::Client::query`
   --> C:\Users\y\.cargo\registry\src\index.crates.io-1949cf8c6b5b557f\influxdb
-0.7.2\src\client\mod.rs:230:12
    |
228 |     pub async fn query<Q>(&self, q: Q) -> Result<String, Error>
    |                  ----- required by a bound in this associated function
229 |     where
230 |         Q: Query,
    |            ^^^^^ required by this bound in `Client::query`

error[E0277]: the trait bound `std::string::String: influxdb::Query` is not sat
isfied
   --> src\main.rs:151:28
    |
151 |                         )).await
    |                            ^^^^^ the trait `influxdb::Query` is not imple
mented for `std::string::String`
    |
    = help: the following other types implement trait `influxdb::Query`:
              &Q
              Box<Q>
              Vec<influxdb::WriteQuery>
              influxdb::ReadQuery
              influxdb::WriteQuery
    = note: required for `&std::string::String` to implement `influxdb::Query`
note: required by a bound in `influxdb::Client::query`
   --> C:\Users\y\.cargo\registry\src\index.crates.io-1949cf8c6b5b557f\influxdb
-0.7.2\src\client\mod.rs:230:12
    |
228 |     pub async fn query<Q>(&self, q: Q) -> Result<String, Error>
    |                  ----- required by a bound in this associated function
229 |     where
230 |         Q: Query,
    |            ^^^^^ required by this bound in `Client::query`

error[E0308]: `match` arms have incompatible types
   --> src\main.rs:154:25
    |
134 |   ...   let _ = match measurement {
    |                 ----------------- `match` arms have incompatible types
135 |   ...       CableForce { bridge_id, cable_id, force, temp, time } => {
136 | / ...           storage_clone.client.query(&format!(
137 | | ...               "INSERT INTO cable_force (bridge_id, cable_id, cable_
force, temperature, time) VALUES ('{}', '{}', {}, {}, {})",
138 | | ...               bridge_id, cable_id, force, temp, time.timestamp()
139 | | ...           )).await
    | |______________________- this is found to be of type `Result<std::string:
:String, influxdb::Error>`
...
142 | / ...           storage_clone.client.query(&format!(
143 | | ...               "INSERT INTO deck_acceleration (bridge_id, sensor_id,
 acc_x, acc_y, acc_z, time) VALUES ('{}', '{}', {}, {}, {}...
144 | | ...               bridge_id, sensor_id, ax, ay, az, time.timestamp()
145 | | ...           )).await
    | |______________________- this is found to be of type `Result<std::string:
:String, influxdb::Error>`
...
148 | / ...           storage_clone.client.query(&format!(
149 | | ...               "INSERT INTO wind_data (bridge_id, sensor_id, wind_sp
eed, wind_direction, attack_angle, time) VALUES ('{}', '{}...
150 | | ...               bridge_id, sensor_id, speed, dir, attack, time.timest
amp()
151 | | ...           )).await
    | |______________________- this is found to be of type `Result<std::string:
:String, influxdb::Error>`
...
154 |   ...           storage_clone.write_aerodynamic_result(&r).await
    |                 ^^^^^^^^^^^^^^^^^^^^^^^^^^^^^^^^^^^^^^^^^^^^^^^^ expected
 `Result<String, Error>`, found `Result<(), String>`
    |
    = note: expected enum `Result<std::string::String, influxdb::Error>`
               found enum `Result<(), std::string::String>`

warning: unused variable: `payload`
   --> src\alarm_mqtt.rs:114:16
    |
114 |             Ok(payload) => {
    |                ^^^^^^^ help: if this is intentional, prefix it with an un
derscore: `_payload`
    |
    = note: `#[warn(unused_variables)]` (part of `#[warn(unused)]`) on by defau
lt

Some errors have detailed explanations: E0277, E0308, E0432, E0599, E0603, E060
9, E0614, E0782.
For more information about an error, try `rustc --explain E0277`.
warning: `bridge_monitoring_backend` (bin "bridge_monitoring_backend") generate
d 19 warnings
error: could not compile `bridge_monitoring_backend` (bin "bridge_monitoring_ba
ckend") due to 79 previous errors; 19 warnings emitted
